###############################################################################
#                                                                             #
# IAR C/C++ Compiler V8.10.1.10194/W32 for 8051         28/Aug/2017  11:28:14 #
# Copyright 2004-2011 IAR Systems AB.                                         #
#                                                                             #
#    Core               =  plain                                              #
#    Code model         =  banked                                             #
#    Data model         =  large                                              #
#    Calling convention =  xdata reentrant                                    #
#    Constant location  =  data_rom                                           #
#    Dptr setup         =  1,16                                               #
#    Source file        =  C:\Program Files\feiq\Recv                         #
#                          Files\协议栈\协调器\coodr\Projects\zstack\Samples\ #
#                          SampleApp\Source\SampleApp.c                       #
#    Command line       =  -f "C:\Program Files\feiq\Recv                     #
#                          Files\协议栈\协调器\coodr\Projects\zstack\Samples\ #
#                          SampleApp\CC2530DB\..\..\..\Tools\CC2530DB\f8wCoor #
#                          d.cfg" (-DCPU32MHZ -DROOT=__near_func              #
#                          -DMAC_CFG_APP_PENDING_QUEUE=TRUE                   #
#                          -DZDO_COORDINATOR -DRTR_NWK -DBLINK_LEDS) -f       #
#                          "C:\Program Files\feiq\Recv                        #
#                          Files\协议栈\协调器\coodr\Projects\zstack\Samples\ #
#                          SampleApp\CC2530DB\..\..\..\Tools\CC2530DB\f8wConf #
#                          ig.cfg" (-DSECURE=0 -DZG_SECURE_DYNAMIC=0          #
#                          -DREFLECTOR -DDEFAULT_CHANLIST=0x00000800          #
#                          -DZDAPP_CONFIG_PAN_ID=0x0029                       #
#                          -DNWK_START_DELAY=100 -DEXTENDED_JOINING_RANDOM_MA #
#                          SK=0x007F -DBEACON_REQUEST_DELAY=100               #
#                          -DBEACON_REQ_DELAY_MASK=0x00FF                     #
#                          -DROUTE_EXPIRY_TIME=30 -DAPSC_ACK_WAIT_DURATION_PO #
#                          LLED=3000 -DNWK_INDIRECT_MSG_TIMEOUT=7             #
#                          -DMAX_RREQ_ENTRIES=8 -DAPSC_MAX_FRAME_RETRIES=3    #
#                          -DNWK_MAX_DATA_RETRIES=2                           #
#                          -DMAX_POLL_FAILURE_RETRIES=2 -DMAX_BCAST=9         #
#                          -DAPS_MAX_GROUPS=16 -DMAX_RTG_ENTRIES=40           #
#                          -DNWK_MAX_BINDING_ENTRIES=4                        #
#                          -DMAX_BINDING_CLUSTER_IDS=4 "-DDEFAULT_KEY={0x01,  #
#                          0x03, 0x05, 0x07, 0x09, 0x0B, 0x0D, 0x0F, 0x00,    #
#                          0x02, 0x04, 0x06, 0x08, 0x0A, 0x0C, 0x0D}"         #
#                          -DMAC_MAX_FRAME_SIZE=116 "-DCONST=const __code"    #
#                          -DGENERIC=__generic -DRFD_RCVC_ALWAYS_ON=FALSE     #
#                          -DPOLL_RATE=1000 -DQUEUED_POLL_RATE=100            #
#                          -DRESPONSE_POLL_RATE=100) -DREJOIN_POLL_RATE=440   #
#                          "C:\Program Files\feiq\Recv                        #
#                          Files\协议栈\协调器\coodr\Projects\zstack\Samples\ #
#                          SampleApp\Source\SampleApp.c" -D ZIGBEEPRO -D      #
#                          ZTOOL_P1 -D MT_TASK -D MT_SYS_FUNC -D MT_ZDO_FUNC  #
#                          -D LCD_SUPPORTED=DEBUG -lC "C:\Program             #
#                          Files\feiq\Recv Files\协议栈\协调器\coodr\Projects #
#                          \zstack\Samples\SampleApp\CC2530DB\CoordinatorEB-P #
#                          ro\List\" -lA "C:\Program Files\feiq\Recv          #
#                          Files\协议栈\协调器\coodr\Projects\zstack\Samples\ #
#                          SampleApp\CC2530DB\CoordinatorEB-Pro\List\"        #
#                          --diag_suppress Pe001,Pa010 -o "C:\Program         #
#                          Files\feiq\Recv Files\协议栈\协调器\coodr\Projects #
#                          \zstack\Samples\SampleApp\CC2530DB\CoordinatorEB-P #
#                          ro\Obj\" -e --debug --core=plain --dptr=16,1       #
#                          --data_model=large --code_model=banked             #
#                          --calling_convention=xdata_reentrant               #
#                          --place_constants=data_rom --nr_virtual_regs 16    #
#                          -I "C:\Program Files\feiq\Recv                     #
#                          Files\协议栈\协调器\coodr\Projects\zstack\Samples\ #
#                          SampleApp\CC2530DB\" -I "C:\Program                #
#                          Files\feiq\Recv Files\协议栈\协调器\coodr\Projects #
#                          \zstack\Samples\SampleApp\CC2530DB\..\SOURCE\" -I  #
#                          "C:\Program Files\feiq\Recv                        #
#                          Files\协议栈\协调器\coodr\Projects\zstack\Samples\ #
#                          SampleApp\CC2530DB\..\..\..\ZMAIN\TI2530DB\" -I    #
#                          "C:\Program Files\feiq\Recv                        #
#                          Files\协议栈\协调器\coodr\Projects\zstack\Samples\ #
#                          SampleApp\CC2530DB\..\..\..\..\..\COMPONENTS\MT\"  #
#                          -I "C:\Program Files\feiq\Recv                     #
#                          Files\协议栈\协调器\coodr\Projects\zstack\Samples\ #
#                          SampleApp\CC2530DB\..\..\..\..\..\COMPONENTS\HAL\I #
#                          NCLUDE\" -I "C:\Program Files\feiq\Recv            #
#                          Files\协议栈\协调器\coodr\Projects\zstack\Samples\ #
#                          SampleApp\CC2530DB\..\..\..\..\..\COMPONENTS\HAL\T #
#                          ARGET\CC2530EB\" -I "C:\Program Files\feiq\Recv    #
#                          Files\协议栈\协调器\coodr\Projects\zstack\Samples\ #
#                          SampleApp\CC2530DB\..\..\..\..\..\COMPONENTS\OSAL\ #
#                          MCU\CCSOC\" -I "C:\Program Files\feiq\Recv         #
#                          Files\协议栈\协调器\coodr\Projects\zstack\Samples\ #
#                          SampleApp\CC2530DB\..\..\..\..\..\COMPONENTS\OSAL\ #
#                          INCLUDE\" -I "C:\Program Files\feiq\Recv           #
#                          Files\协议栈\协调器\coodr\Projects\zstack\Samples\ #
#                          SampleApp\CC2530DB\..\..\..\..\..\COMPONENTS\STACK #
#                          \AF\" -I "C:\Program Files\feiq\Recv               #
#                          Files\协议栈\协调器\coodr\Projects\zstack\Samples\ #
#                          SampleApp\CC2530DB\..\..\..\..\..\COMPONENTS\STACK #
#                          \NWK\" -I "C:\Program Files\feiq\Recv              #
#                          Files\协议栈\协调器\coodr\Projects\zstack\Samples\ #
#                          SampleApp\CC2530DB\..\..\..\..\..\COMPONENTS\STACK #
#                          \SEC\" -I "C:\Program Files\feiq\Recv              #
#                          Files\协议栈\协调器\coodr\Projects\zstack\Samples\ #
#                          SampleApp\CC2530DB\..\..\..\..\..\COMPONENTS\STACK #
#                          \SAPI\" -I "C:\Program Files\feiq\Recv             #
#                          Files\协议栈\协调器\coodr\Projects\zstack\Samples\ #
#                          SampleApp\CC2530DB\..\..\..\..\..\COMPONENTS\STACK #
#                          \SYS\" -I "C:\Program Files\feiq\Recv              #
#                          Files\协议栈\协调器\coodr\Projects\zstack\Samples\ #
#                          SampleApp\CC2530DB\..\..\..\..\..\COMPONENTS\STACK #
#                          \ZDO\" -I "C:\Program Files\feiq\Recv              #
#                          Files\协议栈\协调器\coodr\Projects\zstack\Samples\ #
#                          SampleApp\CC2530DB\..\..\..\..\..\COMPONENTS\ZMAC\ #
#                          F8W\" -I "C:\Program Files\feiq\Recv               #
#                          Files\协议栈\协调器\coodr\Projects\zstack\Samples\ #
#                          SampleApp\CC2530DB\..\..\..\..\..\COMPONENTS\ZMAC\ #
#                          " -I "C:\Program Files\feiq\Recv                   #
#                          Files\协议栈\协调器\coodr\Projects\zstack\Samples\ #
#                          SampleApp\CC2530DB\..\..\..\..\..\COMPONENTS\SERVI #
#                          CES\SADDR\" -I "C:\Program Files\feiq\Recv         #
#                          Files\协议栈\协调器\coodr\Projects\zstack\Samples\ #
#                          SampleApp\CC2530DB\..\..\..\..\..\COMPONENTS\SERVI #
#                          CES\SDATA\" -I "C:\Program Files\feiq\Recv         #
#                          Files\协议栈\协调器\coodr\Projects\zstack\Samples\ #
#                          SampleApp\CC2530DB\..\..\..\..\..\COMPONENTS\MAC\I #
#                          NCLUDE\" -I "C:\Program Files\feiq\Recv            #
#                          Files\协议栈\协调器\coodr\Projects\zstack\Samples\ #
#                          SampleApp\CC2530DB\..\..\..\..\..\COMPONENTS\MAC\H #
#                          IGH_LEVEL\" -I "C:\Program Files\feiq\Recv         #
#                          Files\协议栈\协调器\coodr\Projects\zstack\Samples\ #
#                          SampleApp\CC2530DB\..\..\..\..\..\COMPONENTS\MAC\L #
#                          OW_LEVEL\srf04\" -I "C:\Program Files\feiq\Recv    #
#                          Files\协议栈\协调器\coodr\Projects\zstack\Samples\ #
#                          SampleApp\CC2530DB\..\..\..\..\..\COMPONENTS\MAC\L #
#                          OW_LEVEL\srf04\SINGLE_CHIP\" -Ohz                  #
#    List file          =  C:\Program Files\feiq\Recv                         #
#                          Files\协议栈\协调器\coodr\Projects\zstack\Samples\ #
#                          SampleApp\CC2530DB\CoordinatorEB-Pro\List\SampleAp #
#                          p.lst                                              #
#    Object file        =  C:\Program Files\feiq\Recv                         #
#                          Files\协议栈\协调器\coodr\Projects\zstack\Samples\ #
#                          SampleApp\CC2530DB\CoordinatorEB-Pro\Obj\SampleApp #
#                          .r51                                               #
#                                                                             #
#                                                                             #
###############################################################################

C:\Program Files\feiq\Recv Files\协议栈\协调器\coodr\Projects\zstack\Samples\SampleApp\Source\SampleApp.c
      1          /**************************************************************************************************
      2            Filename:       SampleApp.c
      3            Revised:        $Date: 2009-03-18 15:56:27 -0700 (Wed, 18 Mar 2009) $
      4            Revision:       $Revision: 19453 $
      5          
      6            Description:    Sample Application (no Profile).
      7          
      8          
      9            Copyright 2007 Texas Instruments Incorporated. All rights reserved.
     10          
     11            IMPORTANT: Your use of this Software is limited to those specific rights
     12            granted under the terms of a software license agreement between the user
     13            who downloaded the software, his/her employer (which must be your employer)
     14            and Texas Instruments Incorporated (the "License").  You may not use this
     15            Software unless you agree to abide by the terms of the License. The License
     16            limits your use, and you acknowledge, that the Software may not be modified,
     17            copied or distributed unless embedded on a Texas Instruments microcontroller
     18            or used solely and exclusively in conjunction with a Texas Instruments radio
     19            frequency transceiver, which is integrated into your product.  Other than for
     20            the foregoing purpose, you may not use, reproduce, copy, prepare derivative
     21            works of, modify, distribute, perform, display or sell this Software and/or
     22            its documentation for any purpose.
     23          
     24            YOU FURTHER ACKNOWLEDGE AND AGREE THAT THE SOFTWARE AND DOCUMENTATION ARE
     25            PROVIDED 揂S IS?WITHOUT WARRANTY OF ANY KIND, EITHER EXPRESS OR IMPLIED,
     26            INCLUDING WITHOUT LIMITATION, ANY WARRANTY OF MERCHANTABILITY, TITLE,
     27            NON-INFRINGEMENT AND FITNESS FOR A PARTICULAR PURPOSE. IN NO EVENT SHALL
     28            TEXAS INSTRUMENTS OR ITS LICENSORS BE LIABLE OR OBLIGATED UNDER CONTRACT,
     29            NEGLIGENCE, STRICT LIABILITY, CONTRIBUTION, BREACH OF WARRANTY, OR OTHER
     30            LEGAL EQUITABLE THEORY ANY DIRECT OR INDIRECT DAMAGES OR EXPENSES
     31            INCLUDING BUT NOT LIMITED TO ANY INCIDENTAL, SPECIAL, INDIRECT, PUNITIVE
     32            OR CONSEQUENTIAL DAMAGES, LOST PROFITS OR LOST DATA, COST OF PROCUREMENT
     33            OF SUBSTITUTE GOODS, TECHNOLOGY, SERVICES, OR ANY CLAIMS BY THIRD PARTIES
     34            (INCLUDING BUT NOT LIMITED TO ANY DEFENSE THEREOF), OR OTHER SIMILAR COSTS.
     35          
     36            Should you have any questions regarding your right to use this Software,
     37            contact Texas Instruments Incorporated at www.TI.com.
     38          **************************************************************************************************/
     39          
     40          /*********************************************************************
     41            This application isn't intended to do anything useful, it is
     42            intended to be a simple example of an application's structure.
     43          
     44            This application sends it's messages either as broadcast or
     45            broadcast filtered group messages.  The other (more normal)
     46            message addressing is unicast.  Most of the other sample
     47            applications are written to support the unicast message model.
     48          
     49            Key control:
     50              SW1:  Sends a flash command to all devices in Group 1.
     51              SW2:  Adds/Removes (toggles) this device in and out
     52                    of Group 1.  This will enable and disable the
     53                    reception of the flash command.
     54          *********************************************************************/
     55          
     56          /*********************************************************************
     57           * INCLUDES
     58           */
     59          #include "OSAL.h"
     60          #include "ZGlobals.h"
     61          #include "AF.h"
     62          #include "aps_groups.h"
     63          #include "ZDApp.h"
     64          
     65          #include "SampleApp.h"
     66          #include "SampleAppHw.h"
     67          
     68          #include "OnBoard.h"

   \                                 In  segment SFR_AN, at 0x90
   \   union <unnamed> volatile __sfr _A_P1
   \                     _A_P1:
   \   000000                DS 1

   \                                 In  segment SFR_AN, at 0xf4
   \   unsigned char volatile __sfr P1SEL
   \                     P1SEL:
   \   000000                DS 1

   \                                 In  segment SFR_AN, at 0xf6
   \   unsigned char volatile __sfr P1INP
   \                     P1INP:
   \   000000                DS 1

   \                                 In  segment SFR_AN, at 0xfe
   \   unsigned char volatile __sfr P1DIR
   \                     P1DIR:
   \   000000                DS 1
     69          
     70          /* HAL */
     71          #include "hal_lcd.h"
     72          #include "hal_led.h"
     73          #include "hal_key.h"
     74          
     75          #include "MT_UART.h"
     76          #include "DHT11.h"
     77          #include <ioCC2530.h>
     78          #define BLED P1_0
     79          #define YLED P1_1
     80          #define KEY P1_2

   \                                 In  segment XDATA_Z, align 1, keep-with-next
     81          uint8 buf[2];
   \                     buf:
   \   000000                DS 2
   \   000002                REQUIRE __INIT_XDATA_Z

   \                                 In  segment XDATA_Z, align 1, keep-with-next
     82          unsigned int key_num=0;
   \                     key_num:
   \   000000                DS 2
   \   000002                REQUIRE __INIT_XDATA_Z
     83          /*********************************************************************
     84           * MACROS
     85           */
     86          
     87          /*********************************************************************
     88           * CONSTANTS
     89           */
     90          
     91          /*********************************************************************
     92           * TYPEDEFS
     93           */
     94          
     95          /*********************************************************************
     96           * GLOBAL VARIABLES
     97           */
     98          
     99          // This list should be filled with Application specific Cluster IDs.

   \                                 In  segment XDATA_ROM_C, align 1
    100          const cId_t SampleApp_ClusterList[SAMPLEAPP_MAX_CLUSTERS] =
   \                     SampleApp_ClusterList:
   \   000000   0100         DW 1
   \   000002   0200         DW 2
    101          {
    102            SAMPLEAPP_PERIODIC_CLUSTERID,
    103            SAMPLEAPP_FLASH_CLUSTERID
    104          };
    105          

   \                                 In  segment XDATA_ROM_C, align 1
    106          const SimpleDescriptionFormat_t SampleApp_SimpleDesc =
   \                     SampleApp_SimpleDesc:
   \   000000   14           DB 20
   \   000001   080F         DW 3848
   \   000003   0100         DW 1
   \   000005   00           DB 0
   \   000006   02           DB 2
   \   000007   ....         DW SampleApp_ClusterList
   \   000009   02           DB 2
   \   00000A   ....         DW SampleApp_ClusterList
    107          {
    108            SAMPLEAPP_ENDPOINT,              //  int Endpoint;
    109            SAMPLEAPP_PROFID,                //  uint16 AppProfId[2];
    110            SAMPLEAPP_DEVICEID,              //  uint16 AppDeviceId[2];
    111            SAMPLEAPP_DEVICE_VERSION,        //  int   AppDevVer:4;
    112            SAMPLEAPP_FLAGS,                 //  int   AppFlags:4;
    113            SAMPLEAPP_MAX_CLUSTERS,          //  uint8  AppNumInClusters;
    114            (cId_t *)SampleApp_ClusterList,  //  uint8 *pAppInClusterList;
    115            SAMPLEAPP_MAX_CLUSTERS,          //  uint8  AppNumInClusters;
    116            (cId_t *)SampleApp_ClusterList   //  uint8 *pAppInClusterList;
    117          };
    118          
    119          // This is the Endpoint/Interface description.  It is defined here, but
    120          // filled-in in SampleApp_Init().  Another way to go would be to fill
    121          // in the structure here and make it a "const" (in code space).  The
    122          // way it's defined in this sample app it is define in RAM.

   \                                 In  segment XDATA_Z, align 1, keep-with-next
    123          endPointDesc_t SampleApp_epDesc;
   \                     SampleApp_epDesc:
   \   000000                DS 6
   \   000006                REQUIRE __INIT_XDATA_Z
    124          
    125          /*********************************************************************
    126           * EXTERNAL VARIABLES
    127           */
    128          
    129          /*********************************************************************
    130           * EXTERNAL FUNCTIONS
    131           */
    132          
    133          /*********************************************************************
    134           * LOCAL VARIABLES
    135           */

   \                                 In  segment XDATA_Z, align 1, keep-with-next
    136          uint8 SampleApp_TaskID;   // Task ID for internal task/event processing
   \                     SampleApp_TaskID:
   \   000000                DS 1
   \   000001                REQUIRE __INIT_XDATA_Z
    137                                    // This variable will be received when
    138                                    // SampleApp_Init() is called.

   \                                 In  segment XDATA_Z, align 1, keep-with-next
    139          devStates_t SampleApp_NwkState;
   \                     SampleApp_NwkState:
   \   000000                DS 1
   \   000001                REQUIRE __INIT_XDATA_Z
    140          

   \                                 In  segment XDATA_Z, align 1, keep-with-next
    141          uint8 SampleApp_TransID;  // This is the unique message ID (counter)
   \                     SampleApp_TransID:
   \   000000                DS 1
   \   000001                REQUIRE __INIT_XDATA_Z
    142          

   \                                 In  segment XDATA_Z, align 1, keep-with-next
    143          afAddrType_t SampleApp_Periodic_DstAddr;
   \                     SampleApp_Periodic_DstAddr:
   \   000000                DS 12
   \   00000C                REQUIRE __INIT_XDATA_Z

   \                                 In  segment XDATA_Z, align 1, keep-with-next
    144          afAddrType_t SampleApp_Flash_DstAddr;
   \                     SampleApp_Flash_DstAddr:
   \   000000                DS 12
   \   00000C                REQUIRE __INIT_XDATA_Z
    145          

   \                                 In  segment XDATA_Z, align 1, keep-with-next
    146          aps_Group_t SampleApp_Group;
   \                     SampleApp_Group:
   \   000000                DS 18
   \   000012                REQUIRE __INIT_XDATA_Z
    147          

   \                                 In  segment XDATA_Z, align 1, keep-with-next
    148          uint8 SampleAppPeriodicCounter = 0;
   \                     SampleAppPeriodicCounter:
   \   000000                DS 1
   \   000001                REQUIRE __INIT_XDATA_Z

   \                                 In  segment XDATA_Z, align 1, keep-with-next
    149          uint8 SampleAppFlashCounter = 0;
   \                     SampleAppFlashCounter:
   \   000000                DS 1
   \   000001                REQUIRE __INIT_XDATA_Z
    150          
    151          /*********************************************************************
    152           * LOCAL FUNCTIONS
    153           */
    154          void SampleApp_HandleKeys( uint8 shift, uint8 keys );
    155          void SampleApp_MessageMSGCB( afIncomingMSGPacket_t *pckt );
    156          void SampleApp_SendPeriodicMessage( unsigned int data_leng,uint8 *data  );
    157          void SampleApp_SendFlashMessage( uint16 flashTime );
    158          
    159          
    160          /*********************************************************************
    161           * NETWORK LAYER CALLBACKS
    162           */
    163          
    164          /*********************************************************************
    165           * PUBLIC FUNCTIONS
    166           */
    167          
    168          /*********************************************************************
    169           * @fn      SampleApp_Init
    170           *
    171           * @brief   Initialization function for the Generic App Task.
    172           *          This is called during initialization and should contain
    173           *          any application specific initialization (ie. hardware
    174           *          initialization/setup, table initialization, power up
    175           *          notificaiton ... ).
    176           *
    177           * @param   task_id - the ID assigned by OSAL.  This ID should be
    178           *                    used to send messages and set timers.
    179           *
    180           * @return  none
    181           */

   \                                 In  segment BANKED_CODE, align 1, keep-with-next
    182          void SampleApp_Init( uint8 task_id )
   \                     SampleApp_Init:
    183          {
   \   000000   74F5         MOV     A,#-0xb
   \   000002   12....       LCALL   ?BANKED_ENTER_XDATA
   \   000005                ; Saved register size: 11
   \   000005                ; Auto size: 0
   \   000005   E9           MOV     A,R1
   \   000006   FE           MOV     R6,A
    184            SampleApp_TaskID = task_id;
   \   000007   90....       MOV     DPTR,#SampleApp_TaskID
   \   00000A   F0           MOVX    @DPTR,A
    185            SampleApp_NwkState = DEV_INIT;
   \   00000B   90....       MOV     DPTR,#SampleApp_NwkState
   \   00000E   7401         MOV     A,#0x1
   \   000010   F0           MOVX    @DPTR,A
    186            SampleApp_TransID = 0;
   \   000011   90....       MOV     DPTR,#SampleApp_TransID
   \   000014   E4           CLR     A
   \   000015   F0           MOVX    @DPTR,A
    187          
    188            //led init
    189            P1SEL &=~4; //通用IO
   \   000016   53F4FB       ANL     0xf4,#0xfb
    190            P1DIR &=~4; //output
   \   000019   53FEFB       ANL     0xfe,#0xfb
    191            P1INP |=4;//按键上啦
   \   00001C   43F604       ORL     0xf6,#0x4
    192            
    193            P1DIR |=3;
   \   00001F   43FE03       ORL     0xfe,#0x3
    194            
    195            MT_UartInit();
   \   000022                ; Setup parameters for call to function MT_UartInit
   \   000022   12....       LCALL   ??MT_UartInit?relay
    196            MT_UartRegisterTaskID(task_id);
   \   000025                ; Setup parameters for call to function MT_UartRegisterTaskID
   \   000025   EE           MOV     A,R6
   \   000026   F9           MOV     R1,A
   \   000027   12....       LCALL   ??MT_UartRegisterTaskID?relay
    197            HalUARTWrite(0, "This is program\n", 16);//打印测试
   \   00002A                ; Setup parameters for call to function HalUARTWrite
   \   00002A   7C10         MOV     R4,#0x10
   \   00002C   7D00         MOV     R5,#0x0
   \   00002E   7A..         MOV     R2,#`?<Constant "This is program\\n">` & 0xff
   \   000030   7B..         MOV     R3,#(`?<Constant "This is program\\n">` >> 8) & 0xff
   \   000032   7900         MOV     R1,#0x0
   \   000034   12....       LCALL   ??HalUARTWrite?relay
    198            
    199            // Device hardware initialization can be added here or in main() (Zmain.c).
    200            // If the hardware is application specific - add it here.
    201            // If the hardware is other parts of the device add it in main().
    202          
    203           #if defined ( BUILD_ALL_DEVICES )
    204            // The "Demo" target is setup to have BUILD_ALL_DEVICES and HOLD_AUTO_START
    205            // We are looking at a jumper (defined in SampleAppHw.c) to be jumpered
    206            // together - if they are - we will start up a coordinator. Otherwise,
    207            // the device will start as a router.
    208            if ( readCoordinatorJumper() )
    209              zgDeviceLogicalType = ZG_DEVICETYPE_COORDINATOR;
    210            else
    211              zgDeviceLogicalType = ZG_DEVICETYPE_ROUTER;
    212          #endif // BUILD_ALL_DEVICES
    213          
    214          #if defined ( HOLD_AUTO_START )
    215            // HOLD_AUTO_START is a compile option that will surpress ZDApp
    216            //  from starting the device and wait for the application to
    217            //  start the device.
    218            ZDOInitDevice(0);
    219          #endif
    220          
    221            // Setup for the periodic message's destination address
    222            // Broadcast to everyone
    223            SampleApp_Periodic_DstAddr.addrMode = (afAddrMode_t)AddrBroadcast;
   \   000037   90....       MOV     DPTR,#SampleApp_Periodic_DstAddr + 8
   \   00003A   740F         MOV     A,#0xf
   \   00003C   F0           MOVX    @DPTR,A
    224            SampleApp_Periodic_DstAddr.endPoint = SAMPLEAPP_ENDPOINT;
   \   00003D   A3           INC     DPTR
   \   00003E   7414         MOV     A,#0x14
   \   000040   F0           MOVX    @DPTR,A
    225            SampleApp_Periodic_DstAddr.addr.shortAddr = 0xFFFF;
   \   000041   90....       MOV     DPTR,#SampleApp_Periodic_DstAddr
   \   000044   74FF         MOV     A,#-0x1
   \   000046   F0           MOVX    @DPTR,A
   \   000047   A3           INC     DPTR
   \   000048   F0           MOVX    @DPTR,A
    226          
    227            // Setup for the flash command's destination address - Group 1
    228            SampleApp_Flash_DstAddr.addrMode = (afAddrMode_t)afAddrGroup;
   \   000049   90....       MOV     DPTR,#SampleApp_Flash_DstAddr + 8
   \   00004C   7401         MOV     A,#0x1
   \   00004E   F0           MOVX    @DPTR,A
    229            SampleApp_Flash_DstAddr.endPoint = SAMPLEAPP_ENDPOINT;
   \   00004F   A3           INC     DPTR
   \   000050   7414         MOV     A,#0x14
   \   000052   F0           MOVX    @DPTR,A
    230            SampleApp_Flash_DstAddr.addr.shortAddr = SAMPLEAPP_FLASH_GROUP;
   \   000053   90....       MOV     DPTR,#SampleApp_Flash_DstAddr
   \   000056   7401         MOV     A,#0x1
   \   000058   F0           MOVX    @DPTR,A
   \   000059   A3           INC     DPTR
   \   00005A   E4           CLR     A
   \   00005B   F0           MOVX    @DPTR,A
    231          
    232            // Fill out the endpoint description.
    233            SampleApp_epDesc.endPoint = SAMPLEAPP_ENDPOINT;
   \   00005C   90....       MOV     DPTR,#SampleApp_epDesc
   \   00005F   7414         MOV     A,#0x14
   \   000061   F0           MOVX    @DPTR,A
    234            SampleApp_epDesc.task_id = &SampleApp_TaskID;
   \   000062   A3           INC     DPTR
   \   000063   74..         MOV     A,#SampleApp_TaskID & 0xff
   \   000065   F0           MOVX    @DPTR,A
   \   000066   A3           INC     DPTR
   \   000067   74..         MOV     A,#(SampleApp_TaskID >> 8) & 0xff
   \   000069   F0           MOVX    @DPTR,A
    235            SampleApp_epDesc.simpleDesc
    236                      = (SimpleDescriptionFormat_t *)&SampleApp_SimpleDesc;
   \   00006A   A3           INC     DPTR
   \   00006B   74..         MOV     A,#SampleApp_SimpleDesc & 0xff
   \   00006D   F0           MOVX    @DPTR,A
   \   00006E   A3           INC     DPTR
   \   00006F   74..         MOV     A,#(SampleApp_SimpleDesc >> 8) & 0xff
   \   000071   F0           MOVX    @DPTR,A
    237            SampleApp_epDesc.latencyReq = noLatencyReqs;
   \   000072   A3           INC     DPTR
   \   000073   E4           CLR     A
   \   000074   F0           MOVX    @DPTR,A
    238          
    239            // Register the endpoint description with the AF
    240            afRegister( &SampleApp_epDesc );
   \   000075                ; Setup parameters for call to function afRegister
   \   000075   7A..         MOV     R2,#SampleApp_epDesc & 0xff
   \   000077   7B..         MOV     R3,#(SampleApp_epDesc >> 8) & 0xff
   \   000079   12....       LCALL   ??afRegister?relay
    241          
    242            // Register for all key events - This app will handle all key events
    243            RegisterForKeys( SampleApp_TaskID );
   \   00007C                ; Setup parameters for call to function RegisterForKeys
   \   00007C   90....       MOV     DPTR,#SampleApp_TaskID
   \   00007F   E0           MOVX    A,@DPTR
   \   000080   F9           MOV     R1,A
   \   000081   12....       LCALL   ??RegisterForKeys?relay
    244          
    245            // By default, all devices start out in Group 1
    246            SampleApp_Group.ID = 0x0001;
   \   000084   90....       MOV     DPTR,#SampleApp_Group
   \   000087   7401         MOV     A,#0x1
   \   000089   F0           MOVX    @DPTR,A
   \   00008A   A3           INC     DPTR
   \   00008B   E4           CLR     A
   \   00008C   F0           MOVX    @DPTR,A
    247            osal_memcpy( SampleApp_Group.name, "Group 1", 7  );
   \   00008D                ; Setup parameters for call to function osal_memcpy
   \   00008D   75....       MOV     ?V0 + 0,#`?<Constant "Group 1">` & 0xff
   \   000090   75....       MOV     ?V0 + 1,#(`?<Constant "Group 1">` >> 8) & 0xff
   \   000093   F5..         MOV     ?V0 + 2,A
   \   000095   78..         MOV     R0,#?V0 + 0
   \   000097   12....       LCALL   ?PUSH_XSTACK_I_THREE
   \   00009A   7C07         MOV     R4,#0x7
   \   00009C   7D00         MOV     R5,#0x0
   \   00009E   7A..         MOV     R2,#(SampleApp_Group + 2) & 0xff
   \   0000A0   7B..         MOV     R3,#((SampleApp_Group + 2) >> 8) & 0xff
   \   0000A2   12....       LCALL   ??osal_memcpy?relay
   \   0000A5   7403         MOV     A,#0x3
   \   0000A7   12....       LCALL   ?DEALLOC_XSTACK8
    248            aps_AddGroup( SAMPLEAPP_ENDPOINT, &SampleApp_Group );
   \   0000AA                ; Setup parameters for call to function aps_AddGroup
   \   0000AA   7A..         MOV     R2,#SampleApp_Group & 0xff
   \   0000AC   7B..         MOV     R3,#(SampleApp_Group >> 8) & 0xff
   \   0000AE   7914         MOV     R1,#0x14
   \   0000B0   12....       LCALL   ??aps_AddGroup?relay
    249          
    250          #if defined ( LCD_SUPPORTED )
    251            HalLcdWriteString( "SampleApp", HAL_LCD_LINE_1 );
   \   0000B3                ; Setup parameters for call to function HalLcdWriteString
   \   0000B3   7901         MOV     R1,#0x1
   \   0000B5   7A..         MOV     R2,#`?<Constant "SampleApp">` & 0xff
   \   0000B7   7B..         MOV     R3,#(`?<Constant "SampleApp">` >> 8) & 0xff
   \   0000B9   12....       LCALL   ??HalLcdWriteString?relay
    252          #endif
    253          }
   \   0000BC   7F03         MOV     R7,#0x3
   \   0000BE   02....       LJMP    ?BANKED_LEAVE_XDATA
   \   0000C1                REQUIRE P1SEL
   \   0000C1                REQUIRE P1DIR
   \   0000C1                REQUIRE P1INP
    254          
    255          /*********************************************************************
    256           * @fn      SampleApp_ProcessEvent
    257           *
    258           * @brief   Generic Application Task event processor.  This function
    259           *          is called to process all events for the task.  Events
    260           *          include timers, messages and any other user defined events.
    261           *
    262           * @param   task_id  - The OSAL assigned task ID.
    263           * @param   events - events to process.  This is a bit map and can
    264           *                   contain more than one event.
    265           *
    266           * @return  none
    267           */

   \                                 In  segment BANKED_CODE, align 1, keep-with-next
    268          uint16 SampleApp_ProcessEvent( uint8 task_id, uint16 events )
   \                     SampleApp_ProcessEvent:
    269          {
   \   000000   74F4         MOV     A,#-0xc
   \   000002   12....       LCALL   ?BANKED_ENTER_XDATA
   \   000005                ; Saved register size: 12
   \   000005                ; Auto size: 0
   \   000005   EA           MOV     A,R2
   \   000006   FE           MOV     R6,A
   \   000007   EB           MOV     A,R3
   \   000008   FF           MOV     R7,A
    270            afIncomingMSGPacket_t *MSGpkt;
    271            (void)task_id;  // Intentionally unreferenced parameter
    272          
    273            if ( events & SYS_EVENT_MSG )
   \   000009   5480         ANL     A,#0x80
   \   00000B   6079         JZ      ??SampleApp_ProcessEvent_0
    274            {
    275              MSGpkt = (afIncomingMSGPacket_t *)osal_msg_receive( SampleApp_TaskID );
   \   00000D                ; Setup parameters for call to function osal_msg_receive
   \   00000D   802B         SJMP    ??SampleApp_ProcessEvent_1
    276              //获取事件带来的数据
    277              while ( MSGpkt )
    278              {
    279                switch ( MSGpkt->hdr.event )
    280                {
    281                  // Received when a key is pressed
    282                  case KEY_CHANGE:
    283                    SampleApp_HandleKeys( ((keyChange_t *)MSGpkt)->state, ((keyChange_t *)MSGpkt)->keys );
    284                    break;
    285          
    286                  // Received when a messages is received (OTA) for this endpoint
    287                  case AF_INCOMING_MSG_CMD:
    288                    SampleApp_MessageMSGCB( MSGpkt );
    289                    break;
    290          
    291                  // Received whenever the device changes state in the network 组网成功
    292                  case ZDO_STATE_CHANGE:
    293                    SampleApp_NwkState = (devStates_t)(MSGpkt->hdr.status);
   \                     ??SampleApp_ProcessEvent_2:
   \   00000F   A3           INC     DPTR
   \   000010   E0           MOVX    A,@DPTR
   \   000011   90....       MOV     DPTR,#SampleApp_NwkState
   \   000014   F0           MOVX    @DPTR,A
    294                    if ( (SampleApp_NwkState == DEV_ZB_COORD)
    295                        || (SampleApp_NwkState == DEV_ROUTER)
    296                        || (SampleApp_NwkState == DEV_END_DEVICE) )
   \   000015   6409         XRL     A,#0x9
   \   000017   600A         JZ      ??SampleApp_ProcessEvent_3
   \   000019   E0           MOVX    A,@DPTR
   \   00001A   6407         XRL     A,#0x7
   \   00001C   6005         JZ      ??SampleApp_ProcessEvent_3
   \   00001E   E0           MOVX    A,@DPTR
   \   00001F   6406         XRL     A,#0x6
   \   000021   7010         JNZ     ??SampleApp_ProcessEvent_4
    297                    {
    298                      // Start sending the periodic message in a regular interval.
    299                      osal_start_timerEx( SampleApp_TaskID,
    300                                        SAMPLEAPP_SEND_PERIODIC_MSG_EVT,
    301                                        SAMPLEAPP_SEND_PERIODIC_MSG_TIMEOUT );
   \                     ??SampleApp_ProcessEvent_3:
   \   000023                ; Setup parameters for call to function osal_start_timerEx
   \   000023   7C88         MOV     R4,#-0x78
   \   000025   7D13         MOV     R5,#0x13
   \   000027   7A01         MOV     R2,#0x1
   \   000029   7B00         MOV     R3,#0x0
   \   00002B   90....       MOV     DPTR,#SampleApp_TaskID
   \   00002E   E0           MOVX    A,@DPTR
   \   00002F   F9           MOV     R1,A
   \   000030   12....       LCALL   ??osal_start_timerEx?relay
    302                    }
    303                    else
    304                    {
    305                      // Device is no longer in the network
    306                    }
    307                    break;
    308          
    309                  default:
    310                    break;
    311                }
    312          
    313                // Release the memory
    314                osal_msg_deallocate( (uint8 *)MSGpkt );
   \                     ??SampleApp_ProcessEvent_4:
   \   000033                ; Setup parameters for call to function osal_msg_deallocate
   \   000033   AA..         MOV     R2,?V0 + 0
   \   000035   AB..         MOV     R3,?V0 + 1
   \   000037   12....       LCALL   ??osal_msg_deallocate?relay
    315          
    316                // Next - if one is available
    317                MSGpkt = (afIncomingMSGPacket_t *)osal_msg_receive( SampleApp_TaskID );
   \   00003A                ; Setup parameters for call to function osal_msg_receive
   \                     ??SampleApp_ProcessEvent_1:
   \   00003A   90....       MOV     DPTR,#SampleApp_TaskID
   \   00003D   E0           MOVX    A,@DPTR
   \   00003E   F9           MOV     R1,A
   \   00003F   12....       LCALL   ??osal_msg_receive?relay
   \   000042   8A..         MOV     ?V0 + 0,R2
   \   000044   8B..         MOV     ?V0 + 1,R3
   \   000046   E5..         MOV     A,?V0 + 0
   \   000048   45..         ORL     A,?V0 + 1
   \   00004A   6032         JZ      ??SampleApp_ProcessEvent_5
   \   00004C   85..82       MOV     DPL,?V0 + 0
   \   00004F   85..83       MOV     DPH,?V0 + 1
   \   000052   E0           MOVX    A,@DPTR
   \   000053   24E6         ADD     A,#-0x1a
   \   000055   601E         JZ      ??SampleApp_ProcessEvent_6
   \   000057   245A         ADD     A,#0x5a
   \   000059   6006         JZ      ??SampleApp_ProcessEvent_7
   \   00005B   24EF         ADD     A,#-0x11
   \   00005D   60B0         JZ      ??SampleApp_ProcessEvent_2
   \   00005F   80D2         SJMP    ??SampleApp_ProcessEvent_4
   \                     ??SampleApp_ProcessEvent_7:
   \   000061                ; Setup parameters for call to function SampleApp_HandleKeys
   \   000061   A3           INC     DPTR
   \   000062   A3           INC     DPTR
   \   000063   A3           INC     DPTR
   \   000064   E0           MOVX    A,@DPTR
   \   000065   FA           MOV     R2,A
   \   000066   85..82       MOV     DPL,?V0 + 0
   \   000069   85..83       MOV     DPH,?V0 + 1
   \   00006C   A3           INC     DPTR
   \   00006D   A3           INC     DPTR
   \   00006E   E0           MOVX    A,@DPTR
   \   00006F   F9           MOV     R1,A
   \   000070   12....       LCALL   ??SampleApp_HandleKeys?relay
   \   000073   80BE         SJMP    ??SampleApp_ProcessEvent_4
   \                     ??SampleApp_ProcessEvent_6:
   \   000075                ; Setup parameters for call to function SampleApp_MessageMSGCB
   \   000075   AA..         MOV     R2,?V0 + 0
   \   000077   AB..         MOV     R3,?V0 + 1
   \   000079   12....       LCALL   ??SampleApp_MessageMSGCB?relay
   \   00007C   80B5         SJMP    ??SampleApp_ProcessEvent_4
    318              }
    319          
    320              // return unprocessed events
    321              return (events ^ SYS_EVENT_MSG);
   \                     ??SampleApp_ProcessEvent_5:
   \   00007E   EE           MOV     A,R6
   \   00007F   FA           MOV     R2,A
   \   000080   EF           MOV     A,R7
   \   000081   6480         XRL     A,#0x80
   \                     ??SampleApp_ProcessEvent_8:
   \   000083   FB           MOV     R3,A
   \   000084   8027         SJMP    ??SampleApp_ProcessEvent_9
    322            }
    323          
    324            // Send a message out - This event is generated by a timer
    325            //  (setup in SampleApp_Init()).
    326            if ( events & SAMPLEAPP_SEND_PERIODIC_MSG_EVT )
   \                     ??SampleApp_ProcessEvent_0:
   \   000086   EE           MOV     A,R6
   \   000087   A2E0         MOV     C,0xE0 /* A   */.0
   \   000089   501E         JNC     ??SampleApp_ProcessEvent_10
    327            {
    328          
    329              
    330              // Setup to send message again in normal period (+ a little jitter)
    331              osal_start_timerEx( SampleApp_TaskID, SAMPLEAPP_SEND_PERIODIC_MSG_EVT,
    332                  (SAMPLEAPP_SEND_PERIODIC_MSG_TIMEOUT + (osal_rand() & 0x00FF)) );
   \   00008B                ; Setup parameters for call to function osal_rand
   \   00008B   12....       LCALL   ??osal_rand?relay
   \   00008E                ; Setup parameters for call to function osal_start_timerEx
   \   00008E   EA           MOV     A,R2
   \   00008F   2488         ADD     A,#-0x78
   \   000091   FC           MOV     R4,A
   \   000092   E4           CLR     A
   \   000093   3413         ADDC    A,#0x13
   \   000095   FD           MOV     R5,A
   \   000096   7A01         MOV     R2,#0x1
   \   000098   7B00         MOV     R3,#0x0
   \   00009A   90....       MOV     DPTR,#SampleApp_TaskID
   \   00009D   E0           MOVX    A,@DPTR
   \   00009E   F9           MOV     R1,A
   \   00009F   12....       LCALL   ??osal_start_timerEx?relay
    333              // return unprocessed events
    334              return (events ^ SAMPLEAPP_SEND_PERIODIC_MSG_EVT);
   \   0000A2   EE           MOV     A,R6
   \   0000A3   6401         XRL     A,#0x1
   \   0000A5   FA           MOV     R2,A
   \   0000A6   EF           MOV     A,R7
   \   0000A7   80DA         SJMP    ??SampleApp_ProcessEvent_8
    335            }
    336          
    337            // Discard unknown events
    338            return 0;
   \                     ??SampleApp_ProcessEvent_10:
   \   0000A9   7A00         MOV     R2,#0x0
   \   0000AB   7B00         MOV     R3,#0x0
   \                     ??SampleApp_ProcessEvent_9:
   \   0000AD   7F04         MOV     R7,#0x4
   \   0000AF   02....       LJMP    ?BANKED_LEAVE_XDATA
    339          }
    340          
    341          /*********************************************************************
    342           * Event Generation Functions
    343           */
    344          /*********************************************************************
    345           * @fn      SampleApp_HandleKeys
    346           *
    347           * @brief   Handles all key events for this device.
    348           *
    349           * @param   shift - true if in shift/alt.
    350           * @param   keys - bit field for key events. Valid entries:
    351           *                 HAL_KEY_SW_2
    352           *                 HAL_KEY_SW_1
    353           *
    354           * @return  none
    355           */

   \                                 In  segment BANKED_CODE, align 1, keep-with-next
    356          void SampleApp_HandleKeys( uint8 shift, uint8 keys )
   \                     SampleApp_HandleKeys:
    357          {
   \   000000   74F6         MOV     A,#-0xa
   \   000002   12....       LCALL   ?BANKED_ENTER_XDATA
   \   000005                ; Saved register size: 10
   \   000005                ; Auto size: 0
   \   000005   EA           MOV     A,R2
   \   000006   FE           MOV     R6,A
    358            (void)shift;  // Intentionally unreferenced parameter
    359            
    360            if ( keys & HAL_KEY_SW_1 )
   \   000007   A2E0         MOV     C,0xE0 /* A   */.0
   \   000009   5007         JNC     ??SampleApp_HandleKeys_0
    361            {
    362              /* This key sends the Flash Command is sent to Group 1.
    363               * This device will not receive the Flash Command from this
    364               * device (even if it belongs to group 1).
    365               */
    366              SampleApp_SendFlashMessage( SAMPLEAPP_FLASH_DURATION );
   \   00000B                ; Setup parameters for call to function SampleApp_SendFlashMessage
   \   00000B   7AE8         MOV     R2,#-0x18
   \   00000D   7B03         MOV     R3,#0x3
   \   00000F   12....       LCALL   ??SampleApp_SendFlashMessage?relay
    367            }
    368          
    369            if ( keys & HAL_KEY_SW_2 )
   \                     ??SampleApp_HandleKeys_0:
   \   000012   EE           MOV     A,R6
   \   000013   A2E1         MOV     C,0xE0 /* A   */.1
   \   000015   5024         JNC     ??SampleApp_HandleKeys_1
    370            {
    371              /* The Flashr Command is sent to Group 1.
    372               * This key toggles this device in and out of group 1.
    373               * If this device doesn't belong to group 1, this application
    374               * will not receive the Flash command sent to group 1.
    375               */
    376              aps_Group_t *grp;
    377              grp = aps_FindGroup( SAMPLEAPP_ENDPOINT, SAMPLEAPP_FLASH_GROUP );
    378              if ( grp )
   \   000017                ; Setup parameters for call to function aps_FindGroup
   \   000017   7A01         MOV     R2,#0x1
   \   000019   7B00         MOV     R3,#0x0
   \   00001B   7914         MOV     R1,#0x14
   \   00001D   12....       LCALL   ??aps_FindGroup?relay
   \   000020   8B..         MOV     ?V0 + 1,R3
   \   000022   EA           MOV     A,R2
   \   000023   45..         ORL     A,?V0 + 1
   \   000025   600B         JZ      ??SampleApp_HandleKeys_2
    379              {
    380                // Remove from the group
    381                aps_RemoveGroup( SAMPLEAPP_ENDPOINT, SAMPLEAPP_FLASH_GROUP );
   \   000027                ; Setup parameters for call to function aps_RemoveGroup
   \   000027   7A01         MOV     R2,#0x1
   \   000029   7B00         MOV     R3,#0x0
   \   00002B   7914         MOV     R1,#0x14
   \   00002D   12....       LCALL   ??aps_RemoveGroup?relay
   \   000030   8009         SJMP    ??SampleApp_HandleKeys_1
    382              }
    383              else
    384              {
    385                // Add to the flash group
    386                aps_AddGroup( SAMPLEAPP_ENDPOINT, &SampleApp_Group );
   \                     ??SampleApp_HandleKeys_2:
   \   000032                ; Setup parameters for call to function aps_AddGroup
   \   000032   7A..         MOV     R2,#SampleApp_Group & 0xff
   \   000034   7B..         MOV     R3,#(SampleApp_Group >> 8) & 0xff
   \   000036   7914         MOV     R1,#0x14
   \   000038   12....       LCALL   ??aps_AddGroup?relay
    387              }
    388            }
    389          }
   \                     ??SampleApp_HandleKeys_1:
   \   00003B   80..         SJMP    ??Subroutine1_0

   \                                 In  segment BANKED_CODE, align 1, keep-with-next
   \                     ??Subroutine1_0:
   \   000000   7F02         MOV     R7,#0x2
   \   000002   02....       LJMP    ?BANKED_LEAVE_XDATA
    390          
    391          /*********************************************************************
    392           * LOCAL FUNCTIONS
    393           */
    394          
    395          /*********************************************************************
    396           * @fn      SampleApp_MessageMSGCB
    397           *
    398           * @brief   Data message processor callback.  This function processes
    399           *          any incoming data - probably from other devices.  So, based
    400           *          on cluster ID, perform the intended action.
    401           *
    402           * @param   none
    403           *
    404           * @return  none
    405           */

   \                                 In  segment BANKED_CODE, align 1, keep-with-next
    406          void SampleApp_MessageMSGCB( afIncomingMSGPacket_t *pkt )
   \                     SampleApp_MessageMSGCB:
    407          {
   \   000000   74F6         MOV     A,#-0xa
   \   000002   12....       LCALL   ?BANKED_ENTER_XDATA
   \   000005                ; Saved register size: 10
   \   000005                ; Auto size: 0
    408            uint16 flashTime;
    409          
    410            switch ( pkt->clusterId )
   \   000005   EA           MOV     A,R2
   \   000006   2421         ADD     A,#0x21
   \   000008   F8           MOV     R0,A
   \   000009   EB           MOV     A,R3
   \   00000A   3400         ADDC    A,#0x0
   \   00000C   F9           MOV     R1,A
   \   00000D   E8           MOV     A,R0
   \   00000E   FE           MOV     R6,A
   \   00000F   E9           MOV     A,R1
   \   000010   FF           MOV     R7,A
   \   000011   8A82         MOV     DPL,R2
   \   000013   8B83         MOV     DPH,R3
   \   000015   A3           INC     DPTR
   \   000016   A3           INC     DPTR
   \   000017   A3           INC     DPTR
   \   000018   A3           INC     DPTR
   \   000019   E0           MOVX    A,@DPTR
   \   00001A   F5..         MOV     ?V0 + 0,A
   \   00001C   A3           INC     DPTR
   \   00001D   E0           MOVX    A,@DPTR
   \   00001E   F5..         MOV     ?V0 + 1,A
   \   000020   78..         MOV     R0,#?V0 + 0
   \   000022   12....       LCALL   ?US_SWITCH_DENSE
   \                     `?<Jumptable for SampleApp_MessageMSGCB>_0`:
   \   000025   0200         DW        2
   \   000027   02           DB        2
   \   000028   ....         DW        ??SampleApp_MessageMSGCB_0
   \   00002A   ....         DW        ??SampleApp_MessageMSGCB_1
   \   00002C   ....         DW        ??SampleApp_MessageMSGCB_0
   \   00002E   ....         DW        ??SampleApp_MessageMSGCB_2
    411            {
    412              
    413              case SAMPLEAPP_PERIODIC_CLUSTERID:
    414                break;
    415          
    416                //接收到温湿度数据，转发给串口
    417              case SAMPLEAPP_TEMP_CLUSTERID:
    418                BLED=1;
   \                     ??SampleApp_MessageMSGCB_2:
   \   000030   D290         SETB    0x90.0
    419                HalUARTWrite(0,pkt->cmd.Data,pkt->cmd.DataLength);
   \   000032                ; Setup parameters for call to function HalUARTWrite
   \   000032   EA           MOV     A,R2
   \   000033   241F         ADD     A,#0x1f
   \   000035   F582         MOV     DPL,A
   \   000037   EB           MOV     A,R3
   \   000038   3400         ADDC    A,#0x0
   \   00003A   F583         MOV     DPH,A
   \   00003C   E0           MOVX    A,@DPTR
   \   00003D   FC           MOV     R4,A
   \   00003E   A3           INC     DPTR
   \   00003F   E0           MOVX    A,@DPTR
   \   000040   FD           MOV     R5,A
   \   000041   8E82         MOV     DPL,R6
   \   000043   8F83         MOV     DPH,R7
   \   000045   E0           MOVX    A,@DPTR
   \   000046   FA           MOV     R2,A
   \   000047   A3           INC     DPTR
   \   000048   E0           MOVX    A,@DPTR
   \   000049   FB           MOV     R3,A
   \   00004A   7900         MOV     R1,#0x0
   \   00004C   12....       LCALL   ??HalUARTWrite?relay
    420                MicroWait(10000);
   \   00004F                ; Setup parameters for call to function Onboard_wait
   \   00004F   7A10         MOV     R2,#0x10
   \   000051   7B27         MOV     R3,#0x27
   \   000053   12....       LCALL   ??Onboard_wait?relay
    421                BLED=0;
   \   000056   C290         CLR     0x90.0
    422                break;
   \   000058   8035         SJMP    ??SampleApp_MessageMSGCB_0
    423                
    424              case SAMPLEAPP_FLASH_CLUSTERID:
    425                flashTime = BUILD_UINT16(pkt->cmd.Data[1], pkt->cmd.Data[2] );
    426                HalLedBlink( HAL_LED_4, 4, 50, (flashTime / 4) );
   \                     ??SampleApp_MessageMSGCB_1:
   \   00005A   8E82         MOV     DPL,R6
   \   00005C   8F83         MOV     DPH,R7
   \   00005E   E0           MOVX    A,@DPTR
   \   00005F   F8           MOV     R0,A
   \   000060   A3           INC     DPTR
   \   000061   E0           MOVX    A,@DPTR
   \   000062   F9           MOV     R1,A
   \   000063                ; Setup parameters for call to function HalLedBlink
   \   000063   8882         MOV     DPL,R0
   \   000065   8983         MOV     DPH,R1
   \   000067   A3           INC     DPTR
   \   000068   E0           MOVX    A,@DPTR
   \   000069   FA           MOV     R2,A
   \   00006A   8882         MOV     DPL,R0
   \   00006C   8983         MOV     DPH,R1
   \   00006E   A3           INC     DPTR
   \   00006F   A3           INC     DPTR
   \   000070   E0           MOVX    A,@DPTR
   \   000071   F9           MOV     R1,A
   \   000072   EA           MOV     A,R2
   \   000073   2400         ADD     A,#0x0
   \   000075   F5..         MOV     ?V0 + 0,A
   \   000077   E4           CLR     A
   \   000078   39           ADDC    A,R1
   \   000079   F5..         MOV     ?V0 + 1,A
   \   00007B   7402         MOV     A,#0x2
   \   00007D   78..         MOV     R0,#?V0 + 0
   \   00007F   12....       LCALL   ?US_SHR
   \   000082   AC..         MOV     R4,?V0 + 0
   \   000084   AD..         MOV     R5,?V0 + 1
   \   000086   7B32         MOV     R3,#0x32
   \   000088   7A04         MOV     R2,#0x4
   \   00008A   7908         MOV     R1,#0x8
   \   00008C   12....       LCALL   ??HalLedBlink?relay
    427                break;
    428            }
    429          }
   \                     ??SampleApp_MessageMSGCB_0:
   \   00008F   02....       LJMP    ??Subroutine1_0 & 0xFFFF
   \   000092                REQUIRE _A_P1
    430          
    431          /*********************************************************************
    432           * @fn      SampleApp_SendPeriodicMessage
    433           *
    434           * @brief   Send the periodic message.
    435           *
    436           * @param   none
    437           *
    438           * @return  none
    439           */

   \                                 In  segment BANKED_CODE, align 1, keep-with-next
   \                     ?Subroutine0:
   \   000000   12....       LCALL   ?DEALLOC_XSTACK8
   \   000003                REQUIRE ??Subroutine1_0
   \   000003                ; // Fall through to label ??Subroutine1_0

   \                                 In  segment BANKED_CODE, align 1, keep-with-next
    440          void SampleApp_SendPeriodicMessage( unsigned int data_leng,uint8 *data )
   \                     SampleApp_SendPeriodicMessage:
    441          {
   \   000000   74F6         MOV     A,#-0xa
   \   000002   12....       LCALL   ?BANKED_ENTER_XDATA
   \   000005                ; Saved register size: 10
   \   000005                ; Auto size: 0
    442            
    443            
    444            if ( AF_DataRequest( &SampleApp_Periodic_DstAddr, &SampleApp_epDesc,
    445                                 SAMPLEAPP_PERIODIC_CLUSTERID,
    446                                 data_leng,
    447                                 data,
    448                                 &SampleApp_TransID,
    449                                 AF_DISCV_ROUTE,
    450                                 AF_DEFAULT_RADIUS ) == afStatus_SUCCESS )
   \   000005                ; Setup parameters for call to function AF_DataRequest
   \   000005   75..1E       MOV     ?V0 + 0,#0x1e
   \   000008   78..         MOV     R0,#?V0 + 0
   \   00000A   12....       LCALL   ?PUSH_XSTACK_I_ONE
   \   00000D   75....       MOV     ?V0 + 0,#SampleApp_TransID & 0xff
   \   000010   75....       MOV     ?V0 + 1,#(SampleApp_TransID >> 8) & 0xff
   \   000013   78..         MOV     R0,#?V0 + 0
   \   000015   12....       LCALL   ?PUSH_XSTACK_I_TWO
   \   000018   8C..         MOV     ?V0 + 0,R4
   \   00001A   8D..         MOV     ?V0 + 1,R5
   \   00001C   78..         MOV     R0,#?V0 + 0
   \   00001E   12....       LCALL   ?PUSH_XSTACK_I_TWO
   \   000021   8A..         MOV     ?V0 + 0,R2
   \   000023   8B..         MOV     ?V0 + 1,R3
   \   000025   78..         MOV     R0,#?V0 + 0
   \   000027   12....       LCALL   ?PUSH_XSTACK_I_TWO
   \   00002A   75..01       MOV     ?V0 + 0,#0x1
   \   00002D   75..00       MOV     ?V0 + 1,#0x0
   \   000030   78..         MOV     R0,#?V0 + 0
   \   000032   12....       LCALL   ?PUSH_XSTACK_I_TWO
   \   000035   7920         MOV     R1,#0x20
   \   000037   7C..         MOV     R4,#SampleApp_epDesc & 0xff
   \   000039   7D..         MOV     R5,#(SampleApp_epDesc >> 8) & 0xff
   \   00003B   7A..         MOV     R2,#SampleApp_Periodic_DstAddr & 0xff
   \   00003D   7B..         MOV     R3,#(SampleApp_Periodic_DstAddr >> 8) & 0xff
   \   00003F   12....       LCALL   ??AF_DataRequest?relay
   \   000042   7409         MOV     A,#0x9
   \   000044   02....       LJMP    ?Subroutine0 & 0xFFFF
    451            {
    452            }
    453            else
    454            {
    455              // Error occurred in request to send.
    456            }
    457          }
    458          
    459          /*********************************************************************
    460           * @fn      SampleApp_SendFlashMessage
    461           *
    462           * @brief   Send the flash message to group 1.
    463           *
    464           * @param   flashTime - in milliseconds
    465           *
    466           * @return  none
    467           */

   \                                 In  segment BANKED_CODE, align 1, keep-with-next
    468          void SampleApp_SendFlashMessage( uint16 flashTime )
   \                     SampleApp_SendFlashMessage:
    469          {
   \   000000   74F6         MOV     A,#-0xa
   \   000002   12....       LCALL   ?BANKED_ENTER_XDATA
   \   000005                ; Saved register size: 10
   \   000005                ; Auto size: 3
   \   000005   74FD         MOV     A,#-0x3
   \   000007   12....       LCALL   ?ALLOC_XSTACK8
    470            uint8 buffer[3];
    471            buffer[0] = (uint8)(SampleAppFlashCounter++);
   \   00000A   90....       MOV     DPTR,#SampleAppFlashCounter
   \   00000D   E0           MOVX    A,@DPTR
   \   00000E   85..82       MOV     DPL,?XSP + 0
   \   000011   85..83       MOV     DPH,?XSP + 1
   \   000014   F0           MOVX    @DPTR,A
   \   000015   90....       MOV     DPTR,#SampleAppFlashCounter
   \   000018   E0           MOVX    A,@DPTR
   \   000019   04           INC     A
   \   00001A   F0           MOVX    @DPTR,A
    472            buffer[1] = LO_UINT16( flashTime );
   \   00001B   7401         MOV     A,#0x1
   \   00001D   12....       LCALL   ?XSTACK_DISP0_8
   \   000020   EA           MOV     A,R2
   \   000021   F0           MOVX    @DPTR,A
    473            buffer[2] = HI_UINT16( flashTime );
   \   000022   7402         MOV     A,#0x2
   \   000024   12....       LCALL   ?XSTACK_DISP0_8
   \   000027   EB           MOV     A,R3
   \   000028   F0           MOVX    @DPTR,A
    474          
    475            if ( AF_DataRequest( &SampleApp_Flash_DstAddr, &SampleApp_epDesc,
    476                                 SAMPLEAPP_FLASH_CLUSTERID,
    477                                 3,
    478                                 buffer,
    479                                 &SampleApp_TransID,
    480                                 AF_DISCV_ROUTE,
    481                                 AF_DEFAULT_RADIUS ) == afStatus_SUCCESS )
   \   000029                ; Setup parameters for call to function AF_DataRequest
   \   000029   75..1E       MOV     ?V0 + 0,#0x1e
   \   00002C   78..         MOV     R0,#?V0 + 0
   \   00002E   12....       LCALL   ?PUSH_XSTACK_I_ONE
   \   000031   75....       MOV     ?V0 + 0,#SampleApp_TransID & 0xff
   \   000034   75....       MOV     ?V0 + 1,#(SampleApp_TransID >> 8) & 0xff
   \   000037   78..         MOV     R0,#?V0 + 0
   \   000039   12....       LCALL   ?PUSH_XSTACK_I_TWO
   \   00003C   7403         MOV     A,#0x3
   \   00003E   12....       LCALL   ?XSTACK_DISP0_8
   \   000041   8582..       MOV     ?V0 + 0,DPL
   \   000044   8583..       MOV     ?V0 + 1,DPH
   \   000047   78..         MOV     R0,#?V0 + 0
   \   000049   12....       LCALL   ?PUSH_XSTACK_I_TWO
   \   00004C   75..03       MOV     ?V0 + 0,#0x3
   \   00004F   75..00       MOV     ?V0 + 1,#0x0
   \   000052   78..         MOV     R0,#?V0 + 0
   \   000054   12....       LCALL   ?PUSH_XSTACK_I_TWO
   \   000057   75..02       MOV     ?V0 + 0,#0x2
   \   00005A   78..         MOV     R0,#?V0 + 0
   \   00005C   12....       LCALL   ?PUSH_XSTACK_I_TWO
   \   00005F   7920         MOV     R1,#0x20
   \   000061   7C..         MOV     R4,#SampleApp_epDesc & 0xff
   \   000063   7D..         MOV     R5,#(SampleApp_epDesc >> 8) & 0xff
   \   000065   7A..         MOV     R2,#SampleApp_Flash_DstAddr & 0xff
   \   000067   7B..         MOV     R3,#(SampleApp_Flash_DstAddr >> 8) & 0xff
   \   000069   12....       LCALL   ??AF_DataRequest?relay
   \   00006C   7409         MOV     A,#0x9
   \   00006E   12....       LCALL   ?DEALLOC_XSTACK8
    482            {
    483            }
    484            else
    485            {
    486              // Error occurred in request to send.
    487            }
    488          }
   \   000071   7403         MOV     A,#0x3
   \   000073   02....       LJMP    ?Subroutine0 & 0xFFFF
    489          /***********串口数据发送函数*****/
    490          

   \                                 In  segment BANKED_CODE, align 1, keep-with-next
    491          void Coor_sendtonode( uint8 *buf, uint16 len )
   \                     Coor_sendtonode:
    492          {
   \   000000   74F6         MOV     A,#-0xa
   \   000002   12....       LCALL   ?BANKED_ENTER_XDATA
   \   000005                ; Saved register size: 10
   \   000005                ; Auto size: 0
    493            
    494                                 //透传的目标接收地址             本身设备信息
    495            if ( AF_DataRequest( &SampleApp_Periodic_DstAddr, &SampleApp_epDesc,
    496                                 SAMPLEAPP_UART_CLUSTERID,   //透传的事件
    497                                 len,  //数据长度
    498                                 buf,  //数据内容地址
    499                                 &SampleApp_TransID,
    500                                 AF_DISCV_ROUTE,
    501                                 AF_DEFAULT_RADIUS ) == afStatus_SUCCESS )
   \   000005                ; Setup parameters for call to function AF_DataRequest
   \   000005   75..1E       MOV     ?V0 + 0,#0x1e
   \   000008   78..         MOV     R0,#?V0 + 0
   \   00000A   12....       LCALL   ?PUSH_XSTACK_I_ONE
   \   00000D   75....       MOV     ?V0 + 0,#SampleApp_TransID & 0xff
   \   000010   75....       MOV     ?V0 + 1,#(SampleApp_TransID >> 8) & 0xff
   \   000013   78..         MOV     R0,#?V0 + 0
   \   000015   12....       LCALL   ?PUSH_XSTACK_I_TWO
   \   000018   8A..         MOV     ?V0 + 0,R2
   \   00001A   8B..         MOV     ?V0 + 1,R3
   \   00001C   78..         MOV     R0,#?V0 + 0
   \   00001E   12....       LCALL   ?PUSH_XSTACK_I_TWO
   \   000021   8C..         MOV     ?V0 + 0,R4
   \   000023   8D..         MOV     ?V0 + 1,R5
   \   000025   78..         MOV     R0,#?V0 + 0
   \   000027   12....       LCALL   ?PUSH_XSTACK_I_TWO
   \   00002A   75..03       MOV     ?V0 + 0,#0x3
   \   00002D   75..00       MOV     ?V0 + 1,#0x0
   \   000030   78..         MOV     R0,#?V0 + 0
   \   000032   12....       LCALL   ?PUSH_XSTACK_I_TWO
   \   000035   7920         MOV     R1,#0x20
   \   000037   7C..         MOV     R4,#SampleApp_epDesc & 0xff
   \   000039   7D..         MOV     R5,#(SampleApp_epDesc >> 8) & 0xff
   \   00003B   7A..         MOV     R2,#SampleApp_Periodic_DstAddr & 0xff
   \   00003D   7B..         MOV     R3,#(SampleApp_Periodic_DstAddr >> 8) & 0xff
   \   00003F   12....       LCALL   ??AF_DataRequest?relay
   \   000042   7409         MOV     A,#0x9
   \   000044   12....       LCALL   ?DEALLOC_XSTACK8
    502            {
    503            }
    504            else
    505            {
    506              // Error occurred in request to send.
    507            }
    508             YLED=1;
   \   000047   D291         SETB    0x90.1
    509             MicroWait(10000);
   \   000049                ; Setup parameters for call to function Onboard_wait
   \   000049   7A10         MOV     R2,#0x10
   \   00004B   7B27         MOV     R3,#0x27
   \   00004D   12....       LCALL   ??Onboard_wait?relay
    510             YLED=0;
   \   000050   C291         CLR     0x90.1
    511            
    512          }
   \   000052   02....       LJMP    ??Subroutine1_0 & 0xFFFF
   \   000055                REQUIRE _A_P1
    513          
    514          /***********定义串口接收处理函数*****/

   \                                 In  segment BANKED_CODE, align 1, keep-with-next
    515          void Receive_From_Uart(unsigned char port, unsigned char event)
   \                     Receive_From_Uart:
    516          {
   \   000000   74F7         MOV     A,#-0x9
   \   000002   12....       LCALL   ?BANKED_ENTER_XDATA
   \   000005                ; Saved register size: 9
   \   000005                ; Auto size: 128
   \   000005   7480         MOV     A,#-0x80
   \   000007   12....       LCALL   ?ALLOC_XSTACK8
   \   00000A   8A..         MOV     ?V0 + 0,R2
    517            uint8 Rx_Count; // 存放串口接收到的数据的长度
    518            (void)port;
    519            unsigned char From_Uart_Cmd[128];
    520            if (event & (HAL_UART_RX_FULL | HAL_UART_RX_ABOUT_FULL | HAL_UART_RX_TIMEOUT))
   \   00000C   7407         MOV     A,#0x7
   \   00000E   55..         ANL     A,?V0 + 0
   \   000010   602E         JZ      ??Receive_From_Uart_0
    521            {
    522             Rx_Count = Hal_UART_RxBufLen ( 0 );    //获取第0路串口(协调器串口)接收的数据长度
   \   000012                ; Setup parameters for call to function Hal_UART_RxBufLen
   \   000012   7900         MOV     R1,#0x0
   \   000014   12....       LCALL   ??Hal_UART_RxBufLen?relay
   \   000017   EA           MOV     A,R2
   \   000018   F8           MOV     R0,A
    523             HalUARTRead(0,From_Uart_Cmd,Rx_Count); //获取第0路串口接收的数据内容，存放到From_Uart_Cmd
   \   000019   8882         MOV     DPL,R0
   \   00001B   AE82         MOV     R6,DPL
   \   00001D                ; Setup parameters for call to function HalUARTRead
   \   00001D   FC           MOV     R4,A
   \   00001E   7D00         MOV     R5,#0x0
   \   000020   85..82       MOV     DPL,?XSP + 0
   \   000023   85..83       MOV     DPH,?XSP + 1
   \   000026   AA82         MOV     R2,DPL
   \   000028   AB83         MOV     R3,DPH
   \   00002A   7900         MOV     R1,#0x0
   \   00002C   12....       LCALL   ??HalUARTRead?relay
    524             //HalUARTWrite(0,From_Uart_Cmd,Rx_Count); //测试接收
    525            
    526             /***********实现控制数据转发处理**end***/
    527             //发送由网关接收到的数据到具体节点，透传
    528              Coor_sendtonode(From_Uart_Cmd,Rx_Count);
   \   00002F                ; Setup parameters for call to function Coor_sendtonode
   \   00002F   EE           MOV     A,R6
   \   000030   FC           MOV     R4,A
   \   000031   7D00         MOV     R5,#0x0
   \   000033   85..82       MOV     DPL,?XSP + 0
   \   000036   85..83       MOV     DPH,?XSP + 1
   \   000039   AA82         MOV     R2,DPL
   \   00003B   AB83         MOV     R3,DPH
   \   00003D   12....       LCALL   ??Coor_sendtonode?relay
    529            }
    530          }
   \                     ??Receive_From_Uart_0:
   \   000040   7480         MOV     A,#-0x80
   \   000042   12....       LCALL   ?DEALLOC_XSTACK8
   \   000045   7F01         MOV     R7,#0x1
   \   000047   02....       LJMP    ?BANKED_LEAVE_XDATA

   \                                 In  segment BANK_RELAYS, align 1
   \                     ??SampleApp_Init?relay:
   \   000000   12....       LCALL   ?BDISPATCH
   \   000003   ......       DC24    SampleApp_Init

   \                                 In  segment BANK_RELAYS, align 1
   \                     ??SampleApp_ProcessEvent?relay:
   \   000000   12....       LCALL   ?BDISPATCH
   \   000003   ......       DC24    SampleApp_ProcessEvent

   \                                 In  segment BANK_RELAYS, align 1
   \                     ??SampleApp_HandleKeys?relay:
   \   000000   12....       LCALL   ?BDISPATCH
   \   000003   ......       DC24    SampleApp_HandleKeys

   \                                 In  segment BANK_RELAYS, align 1
   \                     ??SampleApp_MessageMSGCB?relay:
   \   000000   12....       LCALL   ?BDISPATCH
   \   000003   ......       DC24    SampleApp_MessageMSGCB

   \                                 In  segment BANK_RELAYS, align 1
   \                     ??SampleApp_SendPeriodicMessage?relay:
   \   000000   12....       LCALL   ?BDISPATCH
   \   000003   ......       DC24    SampleApp_SendPeriodicMessage

   \                                 In  segment BANK_RELAYS, align 1
   \                     ??SampleApp_SendFlashMessage?relay:
   \   000000   12....       LCALL   ?BDISPATCH
   \   000003   ......       DC24    SampleApp_SendFlashMessage

   \                                 In  segment BANK_RELAYS, align 1
   \                     ??Coor_sendtonode?relay:
   \   000000   12....       LCALL   ?BDISPATCH
   \   000003   ......       DC24    Coor_sendtonode

   \                                 In  segment BANK_RELAYS, align 1
   \                     ??Receive_From_Uart?relay:
   \   000000   12....       LCALL   ?BDISPATCH
   \   000003   ......       DC24    Receive_From_Uart

   \                                 In  segment XDATA_ROM_C, align 1
   \                     `?<Constant "This is program\\n">`:
   \   000000   54686973     DB "This is program\012"
   \            20697320
   \            70726F67
   \            72616D0A
   \            00      

   \                                 In  segment XDATA_ROM_C, align 1
   \                     `?<Constant "Group 1">`:
   \   000000   47726F75     DB "Group 1"
   \            70203100

   \                                 In  segment XDATA_ROM_C, align 1
   \                     `?<Constant "SampleApp">`:
   \   000000   53616D70     DB "SampleApp"
   \            6C654170
   \            7000    
    531          
    532          /*********************************************************************
    533          *********************************************************************/

   Maximum stack usage in bytes:

     Function                       ISTACK PSTACK XSTACK
     --------                       ------ ------ ------
     Coor_sendtonode                    0      0    156
       -> AF_DataRequest                0      0     38
       -> Onboard_wait                  0      0     20
     Receive_From_Uart                  0      0    137
       -> Hal_UART_RxBufLen             0      0    274
       -> HalUARTRead                   0      0    274
       -> Coor_sendtonode               0      0    274
     SampleApp_HandleKeys               0      0     22
       -> SampleApp_SendFlashMessage
                                        0      0     20
       -> aps_FindGroup                 0      0     20
       -> aps_RemoveGroup               0      0     20
       -> aps_AddGroup                  0      0     20
     SampleApp_Init                     0      0     14
       -> MT_UartInit                   0      0     22
       -> MT_UartRegisterTaskID         0      0     22
       -> HalUARTWrite                  0      0     22
       -> afRegister                    0      0     22
       -> RegisterForKeys               0      0     22
       -> osal_memcpy                   0      0     28
       -> aps_AddGroup                  0      0     22
       -> HalLcdWriteString             0      0     22
     SampleApp_MessageMSGCB             0      0     22
       -> HalUARTWrite                  0      0     20
       -> Onboard_wait                  0      0     20
       -> HalLedBlink                   0      0     20
     SampleApp_ProcessEvent             0      0     12
       -> osal_msg_receive              0      0     24
       -> osal_start_timerEx            0      0     24
       -> osal_msg_deallocate           0      0     24
       -> osal_msg_receive              0      0     24
       -> SampleApp_HandleKeys          0      0     24
       -> SampleApp_MessageMSGCB        0      0     24
       -> osal_rand                     0      0     24
       -> osal_start_timerEx            0      0     24
     SampleApp_SendFlashMessage         1      0     32
       -> AF_DataRequest                0      0     44
     SampleApp_SendPeriodicMessage      0      0     19
       -> AF_DataRequest                0      0     38


   Segment part sizes:

     Function/Label                        Bytes
     --------------                        -----
     _A_P1                                    1
     P1SEL                                    1
     P1INP                                    1
     P1DIR                                    1
     buf                                      2
     key_num                                  2
     SampleApp_ClusterList                    4
     SampleApp_SimpleDesc                    12
     SampleApp_epDesc                         6
     SampleApp_TaskID                         1
     SampleApp_NwkState                       1
     SampleApp_TransID                        1
     SampleApp_Periodic_DstAddr              12
     SampleApp_Flash_DstAddr                 12
     SampleApp_Group                         18
     SampleAppPeriodicCounter                 1
     SampleAppFlashCounter                    1
     SampleApp_Init                         193
     SampleApp_ProcessEvent                 178
     SampleApp_HandleKeys                    61
     ??Subroutine1_0                          5
     SampleApp_MessageMSGCB                 146
     ?Subroutine0                             3
     SampleApp_SendPeriodicMessage           71
     SampleApp_SendFlashMessage             118
     Coor_sendtonode                         85
     Receive_From_Uart                       74
     ??SampleApp_Init?relay                   6
     ??SampleApp_ProcessEvent?relay           6
     ??SampleApp_HandleKeys?relay             6
     ??SampleApp_MessageMSGCB?relay           6
     ??SampleApp_SendPeriodicMessage?relay    6
     ??SampleApp_SendFlashMessage?relay       6
     ??Coor_sendtonode?relay                  6
     ??Receive_From_Uart?relay                6
     ?<Constant "This is program\n">         17
     ?<Constant "Group 1">                    8
     ?<Constant "SampleApp">                 10

 
 934 bytes in segment BANKED_CODE
  48 bytes in segment BANK_RELAYS
   4 bytes in segment SFR_AN
  51 bytes in segment XDATA_ROM_C
  57 bytes in segment XDATA_Z
 
 982 bytes of CODE  memory
  51 bytes of CONST memory
   0 bytes of DATA  memory (+ 4 bytes shared)
  57 bytes of XDATA memory

Errors: none
Warnings: none
